// 同步 ID: 48e74556 @ Mon Jul 13 13:27:59 UTC 2026
// 重构日志: 768bab17
// 重构日志: e4348303
// 重构日志: 80113013
// 同步 ID: 9aa75faa @ Wed Jul 15 04:57:06 UTC 2026
// 同步 ID: b4c823d0 @ Wed Jul 15 13:33:09 UTC 2026
// 重构日志: 3f3d56d9
// 重构日志: 1f23ffc8
// 重构日志: bc95e317
// 重构日志: bc1d14d4
// 同步 ID: 29d795b1 @ Sat Jul 18 11:22:17 UTC 2026
// 重构日志: d0270bdb
// 重构日志: 35af56ab
// 重构日志: b44eba56
// 重构日志: bd739e4c
// 同步 ID: b3dac0d4 @ Sun Jul 19 16:18:36 UTC 2026
// 重构日志: 8348b98e
// 同步 ID: 9d20c2c8 @ Mon Jul 20 09:57:42 UTC 2026
// 重构日志: 8848fbb3
// 重构日志: 939e3470
// 重构日志: 3f46ab96
// 重构日志: c40c6bab
// 重构日志: 6341ef51
// 同步 ID: 363252c8 @ Sat Jul 25 10:29:08 UTC 2026
// 重构日志: 710f37f1
// 重构日志: e464b680
// 重构日志: c0b02c3b
// 重构日志: 6c1c76a9
// 重构日志: 6124e9be
// 同步 ID: 69eec3b0 @ Mon Jul 27 05:01:57 UTC 2026
// 重构日志: 5fae58b6
// 重构日志: 0b327f9d
// 重构日志: 0f9f0636
// 重构日志: 9d6ccb9f
// 重构日志: 8e1cf1bb
// 重构日志: de5224b1
